I'm sorry, but errors were detected in your script. Please correct the
errors listed below, and try again.


File "game/script.rpy", line 141: expected end of line
    stop sound "run.mp3"
               ^

Ren'Py Version: Ren'Py 7.4.11.2266
Sun Mar 13 18:52:21 2022
